Generating a new keypair

Wrote new keypair to alice-2.json
=============================================================================
pubkey: 91JwtvZQtK4jGpRMTwssK4Sfc8L9PQY5NKPgM4qGCLep
=============================================================================
Save this seed phrase and your BIP39 passphrase to recover your new keypair:
essence sunny obvious guilt exit punch kind flash purchase rule abstract omit
=============================================================================
