Generating a new keypair

Wrote new keypair to alice.json
====================================================================
pubkey: BrSACyPFCpXMug2LjWVGSxnHeiFSpZCrFQvFYyMn1f3Q
====================================================================
Save this seed phrase and your BIP39 passphrase to recover your new keypair:
mind save maple pig proof light envelope ability river lazy pole toe
====================================================================
