Generating a new keypair

Wrote new keypair to bob.json
======================================================================
pubkey: Fj6QJEa5xK95sxnXMNo4w8fzbVfdB6vdxEUp2JjCcPt9
======================================================================
Save this seed phrase and your BIP39 passphrase to recover your new keypair:
humor soup extend calm need citizen illness name knife swim cross gaze
======================================================================
